#
# There is insufficient memory for the Java Runtime Environment to continue.
# Native memory allocation (malloc) failed to allocate 1048576 bytes. Error detail: AllocateHeap
# Possible reasons:
#   The system is out of physical RAM or swap space
#   This process is running with CompressedOops enabled, and the Java Heap may be blocking the growth of the native heap
# Possible solutions:
#   Reduce memory load on the system
#   Increase physical memory or swap space
#   Check if swap backing store is full
#   Decrease Java heap size (-Xmx/-Xms)
#   Decrease number of Java threads
#   Decrease Java thread stack sizes (-Xss)
#   Set larger code cache with -XX:ReservedCodeCacheSize=
#   JVM is running with Unscaled Compressed Oops mode in which the Java heap is
#     placed in the first 4GB address space. The Java Heap base address is the
#     maximum limit for the native heap growth. Please use -XX:HeapBaseMinAddress
#     to set the Java Heap base and to place the Java Heap above 4GB virtual address.
# This output file may be truncated or incomplete.
#
#  Out of Memory Error (allocation.cpp:44), pid=11152, tid=29256
#
# JRE version: OpenJDK Runtime Environment Temurin-21.0.11+10 (21.0.11+10) (build 21.0.11+10-LTS)
# Java VM: OpenJDK 64-Bit Server VM Temurin-21.0.11+10 (21.0.11+10-LTS, mixed mode, sharing, tiered, compressed oops, compressed class ptrs, parallel gc, windows-amd64)
# No core dump will be written. Minidumps are not enabled by default on client versions of Windows
#

---------------  S U M M A R Y ------------

Command Line: --add-modules=ALL-SYSTEM --add-opens=java.base/java.util=ALL-UNNAMED --add-opens=java.base/java.lang=ALL-UNNAMED --add-opens=java.base/sun.nio.fs=ALL-UNNAMED -Declipse.application=org.eclipse.jdt.ls.core.id1 -Dosgi.bundles.defaultStartLevel=4 -Declipse.product=org.eclipse.jdt.ls.core.product -Djava.import.generatesMetadataFilesAtProjectRoot=false -DDetectVMInstallationsJob.disabled=true -Dfile.encoding=utf8 -XX:+UseParallelGC -XX:GCTimeRatio=4 -XX:AdaptiveSizePolicyWeight=90 -Dsun.zip.disableMemoryMapping=true -Xmx2G -Xms100m -Xlog:disable -javaagent:c:\Users\ronie\.vscode\extensions\redhat.java-1.55.0-win32-x64\lombok\lombok-1.18.39-4050.jar -XX:+HeapDumpOnOutOfMemoryError -XX:HeapDumpPath=c:\Users\ronie\AppData\Roaming\Code\User\workspaceStorage\4e8e4f8b4d2cf3842c1527bea987b3da\redhat.java -Daether.dependencyCollector.impl=bf c:\Users\ronie\.vscode\extensions\redhat.java-1.55.0-win32-x64\server\plugins\org.eclipse.equinox.launcher_1.7.200.v20260619-2039.jar -configuration c:\Users\ronie\AppData\Roaming\Code\User\globalStorage\redhat.java\1.55.0\config_win -data c:\Users\ronie\AppData\Roaming\Code\User\workspaceStorage\4e8e4f8b4d2cf3842c1527bea987b3da\redhat.java\jdt_ws --pipe=\\.\pipe\lsp-4acbf3136603608de39d3e90565cdfea-sock

Host: AMD Ryzen 5 4600H with Radeon Graphics         , 12 cores, 23G,  Windows 11 , 64 bit Build 26100 (10.0.26100.8875)
Time: Sat Jul 18 14:07:40 2026 Malay Peninsula Standard Time elapsed time: 22193.981678 seconds (0d 6h 9m 53s)

---------------  T H R E A D  ---------------

Current thread (0x000001a6496260f0):  JavaThread "Attach Listener" daemon [_thread_in_vm, id=29256, stack(0x0000004a68300000,0x0000004a68400000) (1024K)]

Stack: [0x0000004a68300000,0x0000004a68400000]
Native frames: (J=compiled Java code, j=interpreted, Vv=VM code, C=native code)
V  [jvm.dll+0x6d7e19]
V  [jvm.dll+0x8b5096]
V  [jvm.dll+0x8b764e]
V  [jvm.dll+0x8b7d33]
V  [jvm.dll+0x284596]
V  [jvm.dll+0xc13c7]
V  [jvm.dll+0x6d86c9]
V  [jvm.dll+0x133616]
V  [jvm.dll+0x3f868e]
V  [jvm.dll+0x85fb0d]
V  [jvm.dll+0x6d664d]
C  [ucrtbase.dll+0x2cd30]
C  [KERNEL32.DLL+0x2e957]
C  [ntdll.dll+0xaad6c]


---------------  P R O C E S S  ---------------

Threads class SMR info:
_java_thread_list=0x000001a669462f40, length=39, elements={
0x000001a6471a27f0, 0x000001a649619370, 0x000001a64973e770, 0x000001a649625690,
0x000001a6496260f0, 0x000001a6496284c0, 0x000001a64962e4e0, 0x000001a661399fc0,
0x000001a66139f1a0, 0x000001a661591fa0, 0x000001a6616e0b20, 0x000001a662946120,
0x000001a667384720, 0x000001a667375600, 0x000001a667376040, 0x000001a6675288b0,
0x000001a667301040, 0x000001a661429d10, 0x000001a66752a570, 0x000001a6675291c0,
0x000001a66783b080, 0x000001a66783bda0, 0x000001a66783f220, 0x000001a66783c430,
0x000001a66783f8b0, 0x000001a66783cac0, 0x000001a66783de70, 0x000001a66783ff40,
0x000001a66783e500, 0x000001a66783eb90, 0x000001a6678405d0, 0x000001a66783d150,
0x000001a667840c60, 0x000001a6678412f0, 0x000001a667842010, 0x000001a6678426a0,
0x000001a668dbe7c0, 0x000001a66826f9e0, 0x000001a6682a40c0
}

Java Threads: ( => current thread )
  0x000001a6471a27f0 JavaThread "main"                              [_thread_blocked, id=31532, stack(0x0000004a67c00000,0x0000004a67d00000) (1024K)]
  0x000001a649619370 JavaThread "Reference Handler"          daemon [_thread_blocked, id=19868, stack(0x0000004a68000000,0x0000004a68100000) (1024K)]
  0x000001a64973e770 JavaThread "Finalizer"                  daemon [_thread_blocked, id=9732, stack(0x0000004a68100000,0x0000004a68200000) (1024K)]
  0x000001a649625690 JavaThread "Signal Dispatcher"          daemon [_thread_blocked, id=34388, stack(0x0000004a68200000,0x0000004a68300000) (1024K)]
=>0x000001a6496260f0 JavaThread "Attach Listener"            daemon [_thread_in_vm, id=29256, stack(0x0000004a68300000,0x0000004a68400000) (1024K)]
  0x000001a6496284c0 JavaThread "Service Thread"             daemon [_thread_blocked, id=35424, stack(0x0000004a68400000,0x0000004a68500000) (1024K)]
  0x000001a64962e4e0 JavaThread "Monitor Deflation Thread"   daemon [_thread_blocked, id=20712, stack(0x0000004a68500000,0x0000004a68600000) (1024K)]
  0x000001a661399fc0 JavaThread "C2 CompilerThread0"         daemon [_thread_blocked, id=11688, stack(0x0000004a68600000,0x0000004a68700000) (1024K)]
  0x000001a66139f1a0 JavaThread "C1 CompilerThread0"         daemon [_thread_blocked, id=34956, stack(0x0000004a68700000,0x0000004a68800000) (1024K)]
  0x000001a661591fa0 JavaThread "Common-Cleaner"             daemon [_thread_blocked, id=13340, stack(0x0000004a68800000,0x0000004a68900000) (1024K)]
  0x000001a6616e0b20 JavaThread "Notification Thread"        daemon [_thread_blocked, id=11384, stack(0x0000004a68a00000,0x0000004a68b00000) (1024K)]
  0x000001a662946120 JavaThread "Active Thread: Equinox Container: ec9b34cb-627b-4f46-b5d9-73aa8d4e0c4a"        [_thread_blocked, id=33832, stack(0x0000004a69200000,0x0000004a69300000) (1024K)]
  0x000001a667384720 JavaThread "Refresh Thread: Equinox Container: ec9b34cb-627b-4f46-b5d9-73aa8d4e0c4a" daemon [_thread_blocked, id=36464, stack(0x0000004a68b00000,0x0000004a68c00000) (1024K)]
  0x000001a667375600 JavaThread "Framework Event Dispatcher: Equinox Container: ec9b34cb-627b-4f46-b5d9-73aa8d4e0c4a" daemon [_thread_blocked, id=5968, stack(0x0000004a69300000,0x0000004a69400000) (1024K)]
  0x000001a667376040 JavaThread "Start Level: Equinox Container: ec9b34cb-627b-4f46-b5d9-73aa8d4e0c4a" daemon [_thread_blocked, id=29672, stack(0x0000004a69400000,0x0000004a69500000) (1024K)]
  0x000001a6675288b0 JavaThread "Bundle File Closer"         daemon [_thread_blocked, id=31980, stack(0x0000004a69900000,0x0000004a69a00000) (1024K)]
  0x000001a667301040 JavaThread "SCR Component Actor"        daemon [_thread_blocked, id=33968, stack(0x0000004a69500000,0x0000004a69600000) (1024K)]
  0x000001a661429d10 JavaThread "Worker-JM"                         [_thread_blocked, id=26652, stack(0x0000004a69b00000,0x0000004a69c00000) (1024K)]
  0x000001a66752a570 JavaThread "Java indexing"              daemon [_thread_blocked, id=36828, stack(0x0000004a69a00000,0x0000004a69b00000) (1024K)]
  0x000001a6675291c0 JavaThread "JNA Cleaner"                daemon [_thread_blocked, id=26260, stack(0x0000004a69e00000,0x0000004a69f00000) (1024K)]
  0x000001a66783b080 JavaThread "Thread-1"                   daemon [_thread_in_native, id=33392, stack(0x0000004a6a300000,0x0000004a6a400000) (1024K)]
  0x000001a66783bda0 JavaThread "Thread-2"                   daemon [_thread_in_native, id=10884, stack(0x0000004a6a400000,0x0000004a6a500000) (1024K)]
  0x000001a66783f220 JavaThread "Thread-3"                   daemon [_thread_in_native, id=8144, stack(0x0000004a6a500000,0x0000004a6a600000) (1024K)]
  0x000001a66783c430 JavaThread "Thread-4"                   daemon [_thread_in_native, id=31304, stack(0x0000004a6a600000,0x0000004a6a700000) (1024K)]
  0x000001a66783f8b0 JavaThread "Thread-5"                   daemon [_thread_in_native, id=35512, stack(0x0000004a6a700000,0x0000004a6a800000) (1024K)]
  0x000001a66783cac0 JavaThread "Thread-6"                   daemon [_thread_in_native, id=34320, stack(0x0000004a6a800000,0x0000004a6a900000) (1024K)]
  0x000001a66783de70 JavaThread "Thread-7"                   daemon [_thread_in_native, id=26960, stack(0x0000004a6a900000,0x0000004a6aa00000) (1024K)]
  0x000001a66783ff40 JavaThread "Thread-8"                   daemon [_thread_in_native, id=27132, stack(0x0000004a6aa00000,0x0000004a6ab00000) (1024K)]
  0x000001a66783e500 JavaThread "Thread-9"                   daemon [_thread_in_native, id=30064, stack(0x0000004a6ab00000,0x0000004a6ac00000) (1024K)]
  0x000001a66783eb90 JavaThread "Thread-10"                  daemon [_thread_in_native, id=31048, stack(0x0000004a6ac00000,0x0000004a6ad00000) (1024K)]
  0x000001a6678405d0 JavaThread "Thread-11"                  daemon [_thread_in_native, id=34916, stack(0x0000004a6ad00000,0x0000004a6ae00000) (1024K)]
  0x000001a66783d150 JavaThread "Thread-12"                  daemon [_thread_in_native, id=24176, stack(0x0000004a6ae00000,0x0000004a6af00000) (1024K)]
  0x000001a667840c60 JavaThread "Thread-13"                  daemon [_thread_in_native, id=15244, stack(0x0000004a6af00000,0x0000004a6b000000) (1024K)]
  0x000001a6678412f0 JavaThread "pool-2-thread-1"                   [_thread_blocked, id=6004, stack(0x0000004a6b000000,0x0000004a6b100000) (1024K)]
  0x000001a667842010 JavaThread "Worker-5"                          [_thread_blocked, id=21940, stack(0x0000004a6b300000,0x0000004a6b400000) (1024K)]
  0x000001a6678426a0 JavaThread "WorkspaceEventsHandler"            [_thread_blocked, id=5184, stack(0x0000004a6b400000,0x0000004a6b500000) (1024K)]
  0x000001a668dbe7c0 JavaThread "pool-1-thread-1"                   [_thread_blocked, id=21568, stack(0x0000004a6b500000,0x0000004a6b600000) (1024K)]
  0x000001a66826f9e0 JavaThread "Cleaner-0"                  daemon [_thread_blocked, id=28628, stack(0x0000004a6b600000,0x0000004a6b700000) (1024K)]
  0x000001a6682a40c0 JavaThread "Worker-8"                          [_thread_blocked, id=15788, stack(0x0000004a67900000,0x0000004a67a00000) (1024K)]
Total: 39

Other Threads:
  0x000001a649614880 VMThread "VM Thread"                           [id=10192, stack(0x0000004a67f00000,0x0000004a68000000) (1024K)]
  0x000001a64950ca00 WatcherThread "VM Periodic Task Thread"        [id=17004, stack(0x0000004a67e00000,0x0000004a67f00000) (1024K)]
  0x000001a6496a66b0 WorkerThread "GC Thread#0"                     [id=33820, stack(0x0000004a67d00000,0x0000004a67e00000) (1024K)]
  0x000001a6616b3dc0 WorkerThread "GC Thread#1"                     [id=20864, stack(0x0000004a68c00000,0x0000004a68d00000) (1024K)]
  0x000001a6616b3660 WorkerThread "GC Thread#2"                     [id=31192, stack(0x0000004a68d00000,0x0000004a68e00000) (1024K)]
  0x000001a6616b4170 WorkerThread "GC Thread#3"                     [id=5904, stack(0x0000004a68e00000,0x0000004a68f00000) (1024K)]
  0x000001a6616b4520 WorkerThread "GC Thread#4"                     [id=25416, stack(0x0000004a68f00000,0x0000004a69000000) (1024K)]
  0x000001a6616b48d0 WorkerThread "GC Thread#5"                     [id=21056, stack(0x0000004a69000000,0x0000004a69100000) (1024K)]
  0x000001a6616b2f00 WorkerThread "GC Thread#6"                     [id=3840, stack(0x0000004a69100000,0x0000004a69200000) (1024K)]
  0x000001a667022120 WorkerThread "GC Thread#7"                     [id=12188, stack(0x0000004a68900000,0x0000004a68a00000) (1024K)]
  0x000001a667025c20 WorkerThread "GC Thread#8"                     [id=19532, stack(0x0000004a69700000,0x0000004a69800000) (1024K)]
  0x000001a667023af0 WorkerThread "GC Thread#9"                     [id=12452, stack(0x0000004a69800000,0x0000004a69900000) (1024K)]
Total: 12

Threads with active compile tasks:
Total: 0

VM state: not at safepoint (normal execution)

VM Mutex/Monitor currently owned by a thread: None

Heap address: 0x0000000080000000, size: 2048 MB, Compressed Oops mode: 32-bit

CDS archive(s) mapped at: [0x000001a600000000-0x000001a600ba0000-0x000001a600ba0000), size 12189696, SharedBaseAddress: 0x000001a600000000, ArchiveRelocationMode: 1.
Compressed class space mapped at: 0x000001a601000000-0x000001a641000000, reserved size: 1073741824
Narrow klass base: 0x000001a600000000, Narrow klass shift: 0, Narrow klass range: 0x100000000

GC Precious Log:
 CardTable entry size: 512
 CPUs: 12 total, 12 available
 Memory: 23933M
 Large Page Support: Disabled
 NUMA Support: Disabled
 Compressed Oops: Enabled (32-bit)
 Alignments: Space 512K, Generation 512K, Heap 2M
 Heap Min Capacity: 100M
 Heap Initial Capacity: 100M
 Heap Max Capacity: 2G
 Pre-touch: Disabled
 Parallel Workers: 10

Heap:
 PSYoungGen      total 2560K, used 1914K [0x00000000d5580000, 0x00000000d5900000, 0x0000000100000000)
  eden space 2048K, 77% used [0x00000000d5580000,0x00000000d570eb80,0x00000000d5780000)
  from space 512K, 62% used [0x00000000d5880000,0x00000000d58d0000,0x00000000d5900000)
  to   space 512K, 0% used [0x00000000d5800000,0x00000000d5800000,0x00000000d5880000)
 ParOldGen       total 1004032K, used 326088K [0x0000000080000000, 0x00000000bd480000, 0x00000000d5580000)
  object space 1004032K, 32% used [0x0000000080000000,0x0000000093e72240,0x00000000bd480000)
 Metaspace       used 88415K, committed 90176K, reserved 1179648K
  class space    used 9289K, committed 10048K, reserved 1048576K

Card table byte_map: [0x000001a649020000,0x000001a649430000] _byte_map_base: 0x000001a648c20000

Marking Bits: (ParMarkBitMap*) 0x00007ffb80be4460
 Begin Bits: [0x000001a65bb30000, 0x000001a65db30000)
 End Bits:   [0x000001a65db30000, 0x000001a65fb30000)

Polling page: 0x000001a647460000

Metaspace:

Usage:
  Non-class:     77.27 MB used.
      Class:      9.07 MB used.
       Both:     86.34 MB used.

Virtual space:
  Non-class space:      128.00 MB reserved,      78.25 MB ( 61%) committed,  2 nodes.
      Class space:        1.00 GB reserved,       9.81 MB ( <1%) committed,  1 nodes.
             Both:        1.12 GB reserved,      88.06 MB (  8%) committed. 

Chunk freelists:
   Non-Class:  1.42 MB
       Class:  6.12 MB
        Both:  7.54 MB

MaxMetaspaceSize: unlimited
CompressedClassSpaceSize: 1.00 GB
Initial GC threshold: 21.00 MB
Current GC threshold: 137.75 MB
CDS: on
 - commit_granule_bytes: 65536.
 - commit_granule_words: 8192.
 - virtual_space_node_default_size: 8388608.
 - enlarge_chunks_in_place: 1.
 - use_allocation_guard: 0.


Internal statistics:

num_allocs_failed_limit: 9.
num_arena_births: 1734.
num_arena_deaths: 422.
num_vsnodes_births: 3.
num_vsnodes_deaths: 0.
num_space_committed: 1409.
num_space_uncommitted: 0.
num_chunks_returned_to_freelist: 512.
num_chunks_taken_from_freelist: 5952.
num_chunk_merges: 155.
num_chunk_splits: 3511.
num_chunks_enlarged: 2021.
num_inconsistent_stats: 0.

CodeHeap 'non-profiled nmethods': size=120000Kb used=16655Kb max_used=16655Kb free=103345Kb
 bounds [0x000001a654350000, 0x000001a6553a0000, 0x000001a65b880000]
CodeHeap 'profiled nmethods': size=120000Kb used=41077Kb max_used=41077Kb free=78922Kb
 bounds [0x000001a64c880000, 0x000001a64f0a0000, 0x000001a653db0000]
CodeHeap 'non-nmethods': size=5760Kb used=1534Kb max_used=1643Kb free=4225Kb
 bounds [0x000001a653db0000, 0x000001a654020000, 0x000001a654350000]
CodeCache: size=245760Kb, used=59266Kb, max_used=59375Kb, free=186492Kb
 total_blobs=17990, nmethods=17133, adapters=760, full_count=0
Compilation: enabled, stopped_count=0, restarted_count=0

Compilation events (20 events):
Event: 13590.863 Thread 0x000001a66139f1a0 nmethod 18913 0x000001a64f097390 code [0x000001a64f097540, 0x000001a64f097718]
Event: 13590.863 Thread 0x000001a66139f1a0 18914       3       org.eclipse.lsp4j.jsonrpc.json.adapters.MessageTypeAdapter::handleParameter (113 bytes)
Event: 13590.863 Thread 0x000001a66139f1a0 nmethod 18914 0x000001a64f097810 code [0x000001a64f097ac0, 0x000001a64f0989b8]
Event: 13590.864 Thread 0x000001a661399fc0 nmethod 18911 0x000001a655392190 code [0x000001a655392340, 0x000001a655392540]
Event: 14176.323 Thread 0x000001a661399fc0 18915       4       java.util.concurrent.locks.AbstractQueuedSynchronizer::acquire (20 bytes)
Event: 14176.324 Thread 0x000001a661399fc0 nmethod 18915 0x000001a655392790 code [0x000001a655392920, 0x000001a655392a18]
Event: 14526.555 Thread 0x000001a661399fc0 18916       4       java.util.concurrent.locks.AbstractQueuedSynchronizer$Node::clearStatus (12 bytes)
Event: 14526.555 Thread 0x000001a661399fc0 nmethod 18916 0x000001a655392b10 code [0x000001a655392ca0, 0x000001a655392d30]
Event: 14928.796 Thread 0x000001a661399fc0 18917   !   4       java.util.concurrent.locks.AbstractQueuedSynchronizer::tryInitializeHead (66 bytes)
Event: 14928.798 Thread 0x000001a661399fc0 nmethod 18917 0x000001a655392e10 code [0x000001a655392fa0, 0x000001a655393158]
Event: 16240.920 Thread 0x000001a661399fc0 18918       4       java.util.concurrent.TimeUnit::convert (73 bytes)
Event: 16240.922 Thread 0x000001a661399fc0 nmethod 18918 0x000001a655393290 code [0x000001a655393440, 0x000001a6553935d0]
Event: 19860.637 Thread 0x000001a661399fc0 18919       4       java.util.concurrent.ScheduledThreadPoolExecutor$ScheduledFutureTask::getDelay (16 bytes)
Event: 19860.639 Thread 0x000001a661399fc0 nmethod 18919 0x000001a655393710 code [0x000001a6553938c0, 0x000001a655393a58]
Event: 20229.143 Thread 0x000001a66139f1a0 18920       3       org.eclipse.core.internal.jobs.JobManager::startJob (89 bytes)
Event: 20229.150 Thread 0x000001a66139f1a0 nmethod 18920 0x000001a64f098e90 code [0x000001a64f099120, 0x000001a64f099c20]
Event: 20409.169 Thread 0x000001a66139f1a0 18921   !   3       org.eclipse.core.internal.jobs.JobManager::nextJob (291 bytes)
Event: 20409.175 Thread 0x000001a66139f1a0 nmethod 18921 0x000001a64f09a090 code [0x000001a64f09a520, 0x000001a64f09c638]
Event: 20469.171 Thread 0x000001a66139f1a0 18922   !   3       org.eclipse.core.internal.jobs.JobManager::sleepHint (67 bytes)
Event: 20469.173 Thread 0x000001a66139f1a0 nmethod 18922 0x000001a64f09d790 code [0x000001a64f09da00, 0x000001a64f09e4b8]

GC Heap History (20 events):
Event: 12088.515 GC heap before
{Heap before GC invocations=1455 (full 4):
 PSYoungGen      total 2560K, used 2336K [0x00000000d5580000, 0x00000000d5900000, 0x0000000100000000)
  eden space 2048K, 100% used [0x00000000d5580000,0x00000000d5780000,0x00000000d5780000)
  from space 512K, 56% used [0x00000000d5880000,0x00000000d58c8000,0x00000000d5900000)
  to   space 512K, 0% used [0x00000000d5800000,0x00000000d5800000,0x00000000d5880000)
 ParOldGen       total 1004032K, used 294208K [0x0000000080000000, 0x00000000bd480000, 0x00000000d5580000)
  object space 1004032K, 29% used [0x0000000080000000,0x0000000091f503b0,0x00000000bd480000)
 Metaspace       used 88292K, committed 89920K, reserved 1179648K
  class space    used 9287K, committed 9984K, reserved 1048576K
}
Event: 12088.516 GC heap after
{Heap after GC invocations=1455 (full 4):
 PSYoungGen      total 2560K, used 320K [0x00000000d5580000, 0x00000000d5900000, 0x0000000100000000)
  eden space 2048K, 0% used [0x00000000d5580000,0x00000000d5580000,0x00000000d5780000)
  from space 512K, 62% used [0x00000000d5800000,0x00000000d5850000,0x00000000d5880000)
  to   space 512K, 0% used [0x00000000d5880000,0x00000000d5880000,0x00000000d5900000)
 ParOldGen       total 1004032K, used 294240K [0x0000000080000000, 0x00000000bd480000, 0x00000000d5580000)
  object space 1004032K, 29% used [0x0000000080000000,0x0000000091f583b0,0x00000000bd480000)
 Metaspace       used 88292K, committed 89920K, reserved 1179648K
  class space    used 9287K, committed 9984K, reserved 1048576K
}
Event: 12088.525 GC heap before
{Heap before GC invocations=1456 (full 4):
 PSYoungGen      total 2560K, used 2368K [0x00000000d5580000, 0x00000000d5900000, 0x0000000100000000)
  eden space 2048K, 100% used [0x00000000d5580000,0x00000000d5780000,0x00000000d5780000)
  from space 512K, 62% used [0x00000000d5800000,0x00000000d5850000,0x00000000d5880000)
  to   space 512K, 0% used [0x00000000d5880000,0x00000000d5880000,0x00000000d5900000)
 ParOldGen       total 1004032K, used 294240K [0x0000000080000000, 0x00000000bd480000, 0x00000000d5580000)
  object space 1004032K, 29% used [0x0000000080000000,0x0000000091f583b0,0x00000000bd480000)
 Metaspace       used 88295K, committed 89920K, reserved 1179648K
  class space    used 9287K, committed 9984K, reserved 1048576K
}
Event: 12088.526 GC heap after
{Heap after GC invocations=1456 (full 4):
 PSYoungGen      total 2560K, used 448K [0x00000000d5580000, 0x00000000d5900000, 0x0000000100000000)
  eden space 2048K, 0% used [0x00000000d5580000,0x00000000d5580000,0x00000000d5780000)
  from space 512K, 87% used [0x00000000d5880000,0x00000000d58f0000,0x00000000d5900000)
  to   space 512K, 0% used [0x00000000d5800000,0x00000000d5800000,0x00000000d5880000)
 ParOldGen       total 1004032K, used 294376K [0x0000000080000000, 0x00000000bd480000, 0x00000000d5580000)
  object space 1004032K, 29% used [0x0000000080000000,0x0000000091f7a3b0,0x00000000bd480000)
 Metaspace       used 88295K, committed 89920K, reserved 1179648K
  class space    used 9287K, committed 9984K, reserved 1048576K
}
Event: 12088.533 GC heap before
{Heap before GC invocations=1457 (full 4):
 PSYoungGen      total 2560K, used 2496K [0x00000000d5580000, 0x00000000d5900000, 0x0000000100000000)
  eden space 2048K, 100% used [0x00000000d5580000,0x00000000d5780000,0x00000000d5780000)
  from space 512K, 87% used [0x00000000d5880000,0x00000000d58f0000,0x00000000d5900000)
  to   space 512K, 0% used [0x00000000d5800000,0x00000000d5800000,0x00000000d5880000)
 ParOldGen       total 1004032K, used 294376K [0x0000000080000000, 0x00000000bd480000, 0x00000000d5580000)
  object space 1004032K, 29% used [0x0000000080000000,0x0000000091f7a3b0,0x00000000bd480000)
 Metaspace       used 88302K, committed 89920K, reserved 1179648K
  class space    used 9287K, committed 9984K, reserved 1048576K
}
Event: 12088.534 GC heap after
{Heap after GC invocations=1457 (full 4):
 PSYoungGen      total 2560K, used 256K [0x00000000d5580000, 0x00000000d5900000, 0x0000000100000000)
  eden space 2048K, 0% used [0x00000000d5580000,0x00000000d5580000,0x00000000d5780000)
  from space 512K, 50% used [0x00000000d5800000,0x00000000d5840000,0x00000000d5880000)
  to   space 512K, 0% used [0x00000000d5880000,0x00000000d5880000,0x00000000d5900000)
 ParOldGen       total 1004032K, used 294496K [0x0000000080000000, 0x00000000bd480000, 0x00000000d5580000)
  object space 1004032K, 29% used [0x0000000080000000,0x0000000091f983b0,0x00000000bd480000)
 Metaspace       used 88302K, committed 89920K, reserved 1179648K
  class space    used 9287K, committed 9984K, reserved 1048576K
}
Event: 12088.549 GC heap before
{Heap before GC invocations=1458 (full 4):
 PSYoungGen      total 2560K, used 2304K [0x00000000d5580000, 0x00000000d5900000, 0x0000000100000000)
  eden space 2048K, 100% used [0x00000000d5580000,0x00000000d5780000,0x00000000d5780000)
  from space 512K, 50% used [0x00000000d5800000,0x00000000d5840000,0x00000000d5880000)
  to   space 512K, 0% used [0x00000000d5880000,0x00000000d5880000,0x00000000d5900000)
 ParOldGen       total 1004032K, used 294496K [0x0000000080000000, 0x00000000bd480000, 0x00000000d5580000)
  object space 1004032K, 29% used [0x0000000080000000,0x0000000091f983b0,0x00000000bd480000)
 Metaspace       used 88313K, committed 89920K, reserved 1179648K
  class space    used 9287K, committed 9984K, reserved 1048576K
}
Event: 12088.550 GC heap after
{Heap after GC invocations=1458 (full 4):
 PSYoungGen      total 2560K, used 224K [0x00000000d5580000, 0x00000000d5900000, 0x0000000100000000)
  eden space 2048K, 0% used [0x00000000d5580000,0x00000000d5580000,0x00000000d5780000)
  from space 512K, 43% used [0x00000000d5880000,0x00000000d58b8000,0x00000000d5900000)
  to   space 512K, 0% used [0x00000000d5800000,0x00000000d5800000,0x00000000d5880000)
 ParOldGen       total 1004032K, used 294576K [0x0000000080000000, 0x00000000bd480000, 0x00000000d5580000)
  object space 1004032K, 29% used [0x0000000080000000,0x0000000091fac3b0,0x00000000bd480000)
 Metaspace       used 88313K, committed 89920K, reserved 1179648K
  class space    used 9287K, committed 9984K, reserved 1048576K
}
Event: 12088.566 GC heap before
{Heap before GC invocations=1459 (full 4):
 PSYoungGen      total 2560K, used 2272K [0x00000000d5580000, 0x00000000d5900000, 0x0000000100000000)
  eden space 2048K, 100% used [0x00000000d5580000,0x00000000d5780000,0x00000000d5780000)
  from space 512K, 43% used [0x00000000d5880000,0x00000000d58b8000,0x00000000d5900000)
  to   space 512K, 0% used [0x00000000d5800000,0x00000000d5800000,0x00000000d5880000)
 ParOldGen       total 1004032K, used 294576K [0x0000000080000000, 0x00000000bd480000, 0x00000000d5580000)
  object space 1004032K, 29% used [0x0000000080000000,0x0000000091fac3b0,0x00000000bd480000)
 Metaspace       used 88330K, committed 89984K, reserved 1179648K
  class space    used 9287K, committed 9984K, reserved 1048576K
}
Event: 12088.567 GC heap after
{Heap after GC invocations=1459 (full 4):
 PSYoungGen      total 2560K, used 288K [0x00000000d5580000, 0x00000000d5900000, 0x0000000100000000)
  eden space 2048K, 0% used [0x00000000d5580000,0x00000000d5580000,0x00000000d5780000)
  from space 512K, 56% used [0x00000000d5800000,0x00000000d5848000,0x00000000d5880000)
  to   space 512K, 0% used [0x00000000d5880000,0x00000000d5880000,0x00000000d5900000)
 ParOldGen       total 1004032K, used 294696K [0x0000000080000000, 0x00000000bd480000, 0x00000000d5580000)
  object space 1004032K, 29% used [0x0000000080000000,0x0000000091fca3b0,0x00000000bd480000)
 Metaspace       used 88330K, committed 89984K, reserved 1179648K
  class space    used 9287K, committed 9984K, reserved 1048576K
}
Event: 12088.579 GC heap before
{Heap before GC invocations=1460 (full 4):
 PSYoungGen      total 2560K, used 2336K [0x00000000d5580000, 0x00000000d5900000, 0x0000000100000000)
  eden space 2048K, 100% used [0x00000000d5580000,0x00000000d5780000,0x00000000d5780000)
  from space 512K, 56% used [0x00000000d5800000,0x00000000d5848000,0x00000000d5880000)
  to   space 512K, 0% used [0x00000000d5880000,0x00000000d5880000,0x00000000d5900000)
 ParOldGen       total 1004032K, used 294696K [0x0000000080000000, 0x00000000bd480000, 0x00000000d5580000)
  object space 1004032K, 29% used [0x0000000080000000,0x0000000091fca3b0,0x00000000bd480000)
 Metaspace       used 88339K, committed 89984K, reserved 1179648K
  class space    used 9287K, committed 9984K, reserved 1048576K
}
Event: 12088.580 GC heap after
{Heap after GC invocations=1460 (full 4):
 PSYoungGen      total 2560K, used 352K [0x00000000d5580000, 0x00000000d5900000, 0x0000000100000000)
  eden space 2048K, 0% used [0x00000000d5580000,0x00000000d5580000,0x00000000d5780000)
  from space 512K, 68% used [0x00000000d5880000,0x00000000d58d8000,0x00000000d5900000)
  to   space 512K, 0% used [0x00000000d5800000,0x00000000d5800000,0x00000000d5880000)
 ParOldGen       total 1004032K, used 294776K [0x0000000080000000, 0x00000000bd480000, 0x00000000d5580000)
  object space 1004032K, 29% used [0x0000000080000000,0x0000000091fde3b0,0x00000000bd480000)
 Metaspace       used 88339K, committed 89984K, reserved 1179648K
  class space    used 9287K, committed 9984K, reserved 1048576K
}
Event: 12089.173 GC heap before
{Heap before GC invocations=1461 (full 4):
 PSYoungGen      total 2560K, used 2399K [0x00000000d5580000, 0x00000000d5900000, 0x0000000100000000)
  eden space 2048K, 99% used [0x00000000d5580000,0x00000000d577ff68,0x00000000d5780000)
  from space 512K, 68% used [0x00000000d5880000,0x00000000d58d8000,0x00000000d5900000)
  to   space 512K, 0% used [0x00000000d5800000,0x00000000d5800000,0x00000000d5880000)
 ParOldGen       total 1004032K, used 294776K [0x0000000080000000, 0x00000000bd480000, 0x00000000d5580000)
  object space 1004032K, 29% used [0x0000000080000000,0x0000000091fde3b0,0x00000000bd480000)
 Metaspace       used 88378K, committed 89984K, reserved 1179648K
  class space    used 9288K, committed 9984K, reserved 1048576K
}
Event: 12089.174 GC heap after
{Heap after GC invocations=1461 (full 4):
 PSYoungGen      total 2560K, used 384K [0x00000000d5580000, 0x00000000d5900000, 0x0000000100000000)
  eden space 2048K, 0% used [0x00000000d5580000,0x00000000d5580000,0x00000000d5780000)
  from space 512K, 75% used [0x00000000d5800000,0x00000000d5860000,0x00000000d5880000)
  to   space 512K, 0% used [0x00000000d5880000,0x00000000d5880000,0x00000000d5900000)
 ParOldGen       total 1004032K, used 294928K [0x0000000080000000, 0x00000000bd480000, 0x00000000d5580000)
  object space 1004032K, 29% used [0x0000000080000000,0x00000000920043b0,0x00000000bd480000)
 Metaspace       used 88378K, committed 89984K, reserved 1179648K
  class space    used 9288K, committed 9984K, reserved 1048576K
}
Event: 13290.866 GC heap before
{Heap before GC invocations=1462 (full 4):
 PSYoungGen      total 2560K, used 2432K [0x00000000d5580000, 0x00000000d5900000, 0x0000000100000000)
  eden space 2048K, 100% used [0x00000000d5580000,0x00000000d5780000,0x00000000d5780000)
  from space 512K, 75% used [0x00000000d5800000,0x00000000d5860000,0x00000000d5880000)
  to   space 512K, 0% used [0x00000000d5880000,0x00000000d5880000,0x00000000d5900000)
 ParOldGen       total 1004032K, used 294928K [0x0000000080000000, 0x00000000bd480000, 0x00000000d5580000)
  object space 1004032K, 29% used [0x0000000080000000,0x00000000920043b0,0x00000000bd480000)
 Metaspace       used 88389K, committed 90112K, reserved 1179648K
  class space    used 9289K, committed 10048K, reserved 1048576K
}
Event: 13290.869 GC heap after
{Heap after GC invocations=1462 (full 4):
 PSYoungGen      total 2560K, used 320K [0x00000000d5580000, 0x00000000d5900000, 0x0000000100000000)
  eden space 2048K, 0% used [0x00000000d5580000,0x00000000d5580000,0x00000000d5780000)
  from space 512K, 62% used [0x00000000d5880000,0x00000000d58d0000,0x00000000d5900000)
  to   space 512K, 0% used [0x00000000d5800000,0x00000000d5800000,0x00000000d5880000)
 ParOldGen       total 1004032K, used 295160K [0x0000000080000000, 0x00000000bd480000, 0x00000000d5580000)
  object space 1004032K, 29% used [0x0000000080000000,0x000000009203e210,0x00000000bd480000)
 Metaspace       used 88389K, committed 90112K, reserved 1179648K
  class space    used 9289K, committed 10048K, reserved 1048576K
}
Event: 13290.947 GC heap before
{Heap before GC invocations=1463 (full 4):
 PSYoungGen      total 2560K, used 2368K [0x00000000d5580000, 0x00000000d5900000, 0x0000000100000000)
  eden space 2048K, 100% used [0x00000000d5580000,0x00000000d5780000,0x00000000d5780000)
  from space 512K, 62% used [0x00000000d5880000,0x00000000d58d0000,0x00000000d5900000)
  to   space 512K, 0% used [0x00000000d5800000,0x00000000d5800000,0x00000000d5880000)
 ParOldGen       total 1004032K, used 325880K [0x0000000080000000, 0x00000000bd480000, 0x00000000d5580000)
  object space 1004032K, 32% used [0x0000000080000000,0x0000000093e3e240,0x00000000bd480000)
 Metaspace       used 88407K, committed 90112K, reserved 1179648K
  class space    used 9289K, committed 10048K, reserved 1048576K
}
Event: 13290.948 GC heap after
{Heap after GC invocations=1463 (full 4):
 PSYoungGen      total 2560K, used 368K [0x00000000d5580000, 0x00000000d5900000, 0x0000000100000000)
  eden space 2048K, 0% used [0x00000000d5580000,0x00000000d5580000,0x00000000d5780000)
  from space 512K, 71% used [0x00000000d5800000,0x00000000d585c010,0x00000000d5880000)
  to   space 512K, 0% used [0x00000000d5880000,0x00000000d5880000,0x00000000d5900000)
 ParOldGen       total 1004032K, used 325984K [0x0000000080000000, 0x00000000bd480000, 0x00000000d5580000)
  object space 1004032K, 32% used [0x0000000080000000,0x0000000093e58240,0x00000000bd480000)
 Metaspace       used 88407K, committed 90112K, reserved 1179648K
  class space    used 9289K, committed 10048K, reserved 1048576K
}
Event: 13590.709 GC heap before
{Heap before GC invocations=1464 (full 4):
 PSYoungGen      total 2560K, used 2416K [0x00000000d5580000, 0x00000000d5900000, 0x0000000100000000)
  eden space 2048K, 100% used [0x00000000d5580000,0x00000000d5780000,0x00000000d5780000)
  from space 512K, 71% used [0x00000000d5800000,0x00000000d585c010,0x00000000d5880000)
  to   space 512K, 0% used [0x00000000d5880000,0x00000000d5880000,0x00000000d5900000)
 ParOldGen       total 1004032K, used 325984K [0x0000000080000000, 0x00000000bd480000, 0x00000000d5580000)
  object space 1004032K, 32% used [0x0000000080000000,0x0000000093e58240,0x00000000bd480000)
 Metaspace       used 88412K, committed 90176K, reserved 1179648K
  class space    used 9289K, committed 10048K, reserved 1048576K
}
Event: 13590.711 GC heap after
{Heap after GC invocations=1464 (full 4):
 PSYoungGen      total 2560K, used 320K [0x00000000d5580000, 0x00000000d5900000, 0x0000000100000000)
  eden space 2048K, 0% used [0x00000000d5580000,0x00000000d5580000,0x00000000d5780000)
  from space 512K, 62% used [0x00000000d5880000,0x00000000d58d0000,0x00000000d5900000)
  to   space 512K, 0% used [0x00000000d5800000,0x00000000d5800000,0x00000000d5880000)
 ParOldGen       total 1004032K, used 326088K [0x0000000080000000, 0x00000000bd480000, 0x00000000d5580000)
  object space 1004032K, 32% used [0x0000000080000000,0x0000000093e72240,0x00000000bd480000)
 Metaspace       used 88412K, committed 90176K, reserved 1179648K
  class space    used 9289K, committed 10048K, reserved 1048576K
}

Dll operation events (14 events):
Event: 0.013 Loaded shared library c:\Users\ronie\.vscode\extensions\redhat.java-1.55.0-win32-x64\jre\21.0.11-win32-x86_64\bin\java.dll
Event: 0.065 Loaded shared library c:\Users\ronie\.vscode\extensions\redhat.java-1.55.0-win32-x64\jre\21.0.11-win32-x86_64\bin\zip.dll
Event: 0.084 Loaded shared library C:\Users\ronie\.vscode\extensions\redhat.java-1.55.0-win32-x64\jre\21.0.11-win32-x86_64\bin\instrument.dll
Event: 0.090 Loaded shared library C:\Users\ronie\.vscode\extensions\redhat.java-1.55.0-win32-x64\jre\21.0.11-win32-x86_64\bin\net.dll
Event: 0.092 Loaded shared library C:\Users\ronie\.vscode\extensions\redhat.java-1.55.0-win32-x64\jre\21.0.11-win32-x86_64\bin\nio.dll
Event: 0.097 Loaded shared library C:\Users\ronie\.vscode\extensions\redhat.java-1.55.0-win32-x64\jre\21.0.11-win32-x86_64\bin\zip.dll
Event: 0.114 Loaded shared library C:\Users\ronie\.vscode\extensions\redhat.java-1.55.0-win32-x64\jre\21.0.11-win32-x86_64\bin\jimage.dll
Event: 0.193 Loaded shared library c:\Users\ronie\.vscode\extensions\redhat.java-1.55.0-win32-x64\jre\21.0.11-win32-x86_64\bin\verify.dll
Event: 5.056 Loaded shared library C:\Users\ronie\AppData\Roaming\Code\User\globalStorage\redhat.java\1.55.0\config_win\org.eclipse.equinox.launcher\org.eclipse.equinox.launcher.win32.win32.x86_64_1.3.100.v20260613-0559\eclipse_11924.dll
Event: 8.741 Loaded shared library C:\Users\ronie\.vscode\extensions\redhat.java-1.55.0-win32-x64\jre\21.0.11-win32-x86_64\bin\management.dll
Event: 8.744 Loaded shared library C:\Users\ronie\.vscode\extensions\redhat.java-1.55.0-win32-x64\jre\21.0.11-win32-x86_64\bin\management_ext.dll
Event: 9.777 Loaded shared library C:\Users\ronie\AppData\Local\Temp\jna-108697261\jna18163851971448650529.dll
Event: 9.913 Loaded shared library C:\Users\ronie\.vscode\extensions\redhat.java-1.55.0-win32-x64\jre\21.0.11-win32-x86_64\bin\sunmscapi.dll
Event: 10.435 Loaded shared library C:\Users\ronie\.vscode\extensions\redhat.java-1.55.0-win32-x64\jre\21.0.11-win32-x86_64\bin\extnet.dll

Deoptimization events (20 events):
Event: 12088.600 Thread 0x000001a6682a5470 Uncommon trap: trap_request=0xffffffc6 fr.pc=0x000001a654567420 relative=0x00000000000000e0
Event: 12088.600 Thread 0x000001a6682a5470 Uncommon trap: reason=bimorphic_or_optimized_type_check action=maybe_recompile pc=0x000001a654567420 method=java.util.LinkedHashMap.afterNodeInsertion(Z)V @ 15 c2
Event: 12088.600 Thread 0x000001a6682a5470 DEOPT PACKING pc=0x000001a654567420 sp=0x0000004a67afe840
Event: 12088.600 Thread 0x000001a6682a5470 DEOPT UNPACKING pc=0x000001a653e03aa2 sp=0x0000004a67afe7c8 mode 2
Event: 12387.630 Thread 0x000001a6682a5470 Uncommon trap: trap_request=0xffffffde fr.pc=0x000001a65528f530 relative=0x0000000000000890
Event: 12387.630 Thread 0x000001a6682a5470 Uncommon trap: reason=class_check action=maybe_recompile pc=0x000001a65528f530 method=java.util.stream.ReferencePipeline.toArray(Ljava/util/function/IntFunction;)[Ljava/lang/Object; @ 12 c2
Event: 12387.630 Thread 0x000001a6682a5470 DEOPT PACKING pc=0x000001a65528f530 sp=0x0000004a679ff3a0
Event: 12387.630 Thread 0x000001a6682a5470 DEOPT UNPACKING pc=0x000001a653e03aa2 sp=0x0000004a679ff380 mode 2
Event: 12387.635 Thread 0x000001a6682a5470 Uncommon trap: trap_request=0xffffffde fr.pc=0x000001a65528f530 relative=0x0000000000000890
Event: 12387.635 Thread 0x000001a6682a5470 Uncommon trap: reason=class_check action=maybe_recompile pc=0x000001a65528f530 method=java.util.stream.ReferencePipeline.toArray(Ljava/util/function/IntFunction;)[Ljava/lang/Object; @ 12 c2
Event: 12387.635 Thread 0x000001a6682a5470 DEOPT PACKING pc=0x000001a65528f530 sp=0x0000004a679fec50
Event: 12387.635 Thread 0x000001a6682a5470 DEOPT UNPACKING pc=0x000001a653e03aa2 sp=0x0000004a679fec30 mode 2
Event: 13590.706 Thread 0x000001a6682a5b00 Uncommon trap: trap_request=0xffffffde fr.pc=0x000001a65528f530 relative=0x0000000000000890
Event: 13590.706 Thread 0x000001a6682a5b00 Uncommon trap: reason=class_check action=maybe_recompile pc=0x000001a65528f530 method=java.util.stream.ReferencePipeline.toArray(Ljava/util/function/IntFunction;)[Ljava/lang/Object; @ 12 c2
Event: 13590.706 Thread 0x000001a6682a5b00 DEOPT PACKING pc=0x000001a65528f530 sp=0x0000004a67afef20
Event: 13590.706 Thread 0x000001a6682a5b00 DEOPT UNPACKING pc=0x000001a653e03aa2 sp=0x0000004a67afef00 mode 2
Event: 13590.709 Thread 0x000001a6682a5470 Uncommon trap: trap_request=0xffffffde fr.pc=0x000001a65528f530 relative=0x0000000000000890
Event: 13590.709 Thread 0x000001a6682a5470 Uncommon trap: reason=class_check action=maybe_recompile pc=0x000001a65528f530 method=java.util.stream.ReferencePipeline.toArray(Ljava/util/function/IntFunction;)[Ljava/lang/Object; @ 12 c2
Event: 13590.709 Thread 0x000001a6682a5470 DEOPT PACKING pc=0x000001a65528f530 sp=0x0000004a67aff090
Event: 13590.709 Thread 0x000001a6682a5470 DEOPT UNPACKING pc=0x000001a653e03aa2 sp=0x0000004a67aff070 mode 2

Classes loaded (20 events):
Event: 12087.691 Loading class java/util/stream/ReferencePipeline$15
Event: 12087.692 Loading class java/util/stream/ReferencePipeline$15 done
Event: 12087.692 Loading class java/util/stream/ReferencePipeline$15$1
Event: 12087.695 Loading class java/util/stream/ReferencePipeline$15$1 done
Event: 12087.946 Loading class java/lang/MatchException
Event: 12087.946 Loading class java/lang/MatchException done
Event: 12088.285 Loading class java/io/Console
Event: 12088.285 Loading class java/io/Console done
Event: 12088.308 Loading class java/util/stream/DoubleStream
Event: 12088.308 Loading class java/util/stream/DoubleStream done
Event: 12088.308 Loading class java/util/function/DoubleBinaryOperator
Event: 12088.308 Loading class java/util/function/DoubleBinaryOperator done
Event: 12088.308 Loading class java/util/function/IntBinaryOperator
Event: 12088.308 Loading class java/util/function/IntBinaryOperator done
Event: 12088.308 Loading class java/util/function/IntToDoubleFunction
Event: 12088.308 Loading class java/util/function/IntToDoubleFunction done
Event: 12088.308 Loading class java/util/function/IntToLongFunction
Event: 12088.308 Loading class java/util/function/IntToLongFunction done
Event: 12088.313 Loading class java/util/HashMap$EntrySpliterator
Event: 12088.313 Loading class java/util/HashMap$EntrySpliterator done

Classes unloaded (20 events):
Event: 9312.832 Thread 0x000001a649614880 Unloading class 0x000001a601017400 'java/lang/invoke/LambdaForm$MH+0x000001a601017400'
Event: 9312.832 Thread 0x000001a649614880 Unloading class 0x000001a601016400 'java/lang/invoke/LambdaForm$MH+0x000001a601016400'
Event: 9312.832 Thread 0x000001a649614880 Unloading class 0x000001a60100d800 'java/lang/invoke/LambdaForm$MH+0x000001a60100d800'
Event: 9312.832 Thread 0x000001a649614880 Unloading class 0x000001a60100d400 'java/lang/invoke/LambdaForm$MH+0x000001a60100d400'
Event: 9312.832 Thread 0x000001a649614880 Unloading class 0x000001a60100d000 'java/lang/invoke/LambdaForm$MH+0x000001a60100d000'
Event: 9312.832 Thread 0x000001a649614880 Unloading class 0x000001a60100cc00 'java/lang/invoke/LambdaForm$MH+0x000001a60100cc00'
Event: 9312.832 Thread 0x000001a649614880 Unloading class 0x000001a60100c800 'java/lang/invoke/LambdaForm$BMH+0x000001a60100c800'
Event: 9312.832 Thread 0x000001a649614880 Unloading class 0x000001a60100c000 'java/lang/invoke/LambdaForm$DMH+0x000001a60100c000'
Event: 9312.832 Thread 0x000001a649614880 Unloading class 0x000001a601008c00 'java/lang/invoke/LambdaForm$MH+0x000001a601008c00'
Event: 9312.832 Thread 0x000001a649614880 Unloading class 0x000001a601008800 'java/lang/invoke/LambdaForm$MH+0x000001a601008800'
Event: 9312.832 Thread 0x000001a649614880 Unloading class 0x000001a601008400 'java/lang/invoke/LambdaForm$MH+0x000001a601008400'
Event: 9312.832 Thread 0x000001a649614880 Unloading class 0x000001a601007000 'java/lang/invoke/LambdaForm$MH+0x000001a601007000'
Event: 9312.832 Thread 0x000001a649614880 Unloading class 0x000001a601006800 'java/lang/invoke/LambdaForm$MH+0x000001a601006800'
Event: 9312.832 Thread 0x000001a649614880 Unloading class 0x000001a601006400 'java/lang/invoke/LambdaForm$MH+0x000001a601006400'
Event: 9312.832 Thread 0x000001a649614880 Unloading class 0x000001a601006000 'java/lang/invoke/LambdaForm$MH+0x000001a601006000'
Event: 9312.832 Thread 0x000001a649614880 Unloading class 0x000001a601005c00 'java/lang/invoke/LambdaForm$BMH+0x000001a601005c00'
Event: 9312.832 Thread 0x000001a649614880 Unloading class 0x000001a601004800 'java/lang/invoke/LambdaForm$DMH+0x000001a601004800'
Event: 9312.832 Thread 0x000001a649614880 Unloading class 0x000001a601002400 'java/lang/invoke/LambdaForm$MH+0x000001a601002400'
Event: 9312.832 Thread 0x000001a649614880 Unloading class 0x000001a601002000 'java/lang/invoke/LambdaForm$MH+0x000001a601002000'
Event: 9312.832 Thread 0x000001a649614880 Unloading class 0x000001a601001800 'java/lang/invoke/LambdaForm$MH+0x000001a601001800'

Classes redefined (0 events):
No events

Internal exceptions (20 events):
Event: 12088.354 Thread 0x000001a6682a5470 Implicit null exception at 0x000001a64ebe9a9b to 0x000001a64ebea055
Event: 12088.354 Thread 0x000001a6682a5470 Exception <a 'java/lang/NullPointerException'{0x00000000d566b5d8}> (0x00000000d566b5d8) 
thrown [s\src\hotspot\share\runtime\sharedRuntime.cpp, line 625]
Event: 12088.354 Thread 0x000001a6682a5470 Implicit null exception at 0x000001a64ebe9a9b to 0x000001a64ebea055
Event: 12088.354 Thread 0x000001a6682a5470 Exception <a 'java/lang/NullPointerException'{0x00000000d566bce0}> (0x00000000d566bce0) 
thrown [s\src\hotspot\share\runtime\sharedRuntime.cpp, line 625]
Event: 12088.354 Thread 0x000001a6682a5470 Implicit null exception at 0x000001a64ebe9a9b to 0x000001a64ebea055
Event: 12088.354 Thread 0x000001a6682a5470 Exception <a 'java/lang/NullPointerException'{0x00000000d566dfb8}> (0x00000000d566dfb8) 
thrown [s\src\hotspot\share\runtime\sharedRuntime.cpp, line 625]
Event: 12088.354 Thread 0x000001a6682a5470 Implicit null exception at 0x000001a64ebe9a9b to 0x000001a64ebea055
Event: 12088.354 Thread 0x000001a6682a5470 Exception <a 'java/lang/NullPointerException'{0x00000000d566e630}> (0x00000000d566e630) 
thrown [s\src\hotspot\share\runtime\sharedRuntime.cpp, line 625]
Event: 12088.354 Thread 0x000001a6682a5470 Exception <a 'java/lang/NullPointerException'{0x00000000d566ed18}> (0x00000000d566ed18) 
thrown [s\src\hotspot\share\interpreter\linkResolver.cpp, line 1372]
Event: 12088.354 Thread 0x000001a6682a5470 Exception <a 'java/lang/NullPointerException'{0x00000000d5670760}> (0x00000000d5670760) 
thrown [s\src\hotspot\share\interpreter\linkResolver.cpp, line 1372]
Event: 12088.355 Thread 0x000001a6682a5470 Implicit null exception at 0x000001a64ebe9a9b to 0x000001a64ebea055
Event: 12088.355 Thread 0x000001a6682a5470 Exception <a 'java/lang/NullPointerException'{0x00000000d5671b18}> (0x00000000d5671b18) 
thrown [s\src\hotspot\share\runtime\sharedRuntime.cpp, line 625]
Event: 12088.355 Thread 0x000001a6682a5470 Implicit null exception at 0x000001a64ebe9a9b to 0x000001a64ebea055
Event: 12088.355 Thread 0x000001a6682a5470 Exception <a 'java/lang/NullPointerException'{0x00000000d56727e0}> (0x00000000d56727e0) 
thrown [s\src\hotspot\share\runtime\sharedRuntime.cpp, line 625]
Event: 12088.355 Thread 0x000001a6682a5470 Implicit null exception at 0x000001a64ebe9a9b to 0x000001a64ebea055
Event: 12088.355 Thread 0x000001a6682a5470 Exception <a 'java/lang/NullPointerException'{0x00000000d5672fa0}> (0x00000000d5672fa0) 
thrown [s\src\hotspot\share\runtime\sharedRuntime.cpp, line 625]
Event: 12387.633 Thread 0x000001a6682a6820 Exception <a 'sun/nio/fs/WindowsException'{0x00000000d56b5158}> (0x00000000d56b5158) 
thrown [s\src\hotspot\share\prims\jni.cpp, line 520]
Event: 12387.633 Thread 0x000001a6682a6820 Exception <a 'sun/nio/fs/WindowsException'{0x00000000d56b5ee8}> (0x00000000d56b5ee8) 
thrown [s\src\hotspot\share\prims\jni.cpp, line 520]
Event: 13590.708 Thread 0x000001a667842010 Exception <a 'sun/nio/fs/WindowsException'{0x00000000d5770ac0}> (0x00000000d5770ac0) 
thrown [s\src\hotspot\share\prims\jni.cpp, line 520]
Event: 13590.708 Thread 0x000001a667842010 Exception <a 'sun/nio/fs/WindowsException'{0x00000000d5771808}> (0x00000000d5771808) 
thrown [s\src\hotspot\share\prims\jni.cpp, line 520]

ZGC Phase Switch (0 events):
No events

VM Operations (20 events):
Event: 21773.042 Executing non-safepoint VM operation: HandshakeAllThreads (HandshakeForDeflation)
Event: 21773.042 Executing non-safepoint VM operation: HandshakeAllThreads (HandshakeForDeflation) done
Event: 21773.042 Executing non-safepoint VM operation: RendezvousGCThreads
Event: 21773.042 Executing non-safepoint VM operation: RendezvousGCThreads done
Event: 21833.056 Executing non-safepoint VM operation: HandshakeAllThreads (HandshakeForDeflation)
Event: 21833.056 Executing non-safepoint VM operation: HandshakeAllThreads (HandshakeForDeflation) done
Event: 21833.056 Executing non-safepoint VM operation: RendezvousGCThreads
Event: 21833.056 Executing non-safepoint VM operation: RendezvousGCThreads done
Event: 21893.249 Executing non-safepoint VM operation: HandshakeAllThreads (HandshakeForDeflation)
Event: 21893.249 Executing non-safepoint VM operation: HandshakeAllThreads (HandshakeForDeflation) done
Event: 21893.249 Executing non-safepoint VM operation: RendezvousGCThreads
Event: 21893.249 Executing non-safepoint VM operation: RendezvousGCThreads done
Event: 21953.408 Executing non-safepoint VM operation: HandshakeAllThreads (HandshakeForDeflation)
Event: 21953.408 Executing non-safepoint VM operation: HandshakeAllThreads (HandshakeForDeflation) done
Event: 21953.408 Executing non-safepoint VM operation: RendezvousGCThreads
Event: 21953.408 Executing non-safepoint VM operation: RendezvousGCThreads done
Event: 22073.634 Executing non-safepoint VM operation: HandshakeAllThreads (HandshakeForDeflation)
Event: 22073.634 Executing non-safepoint VM operation: HandshakeAllThreads (HandshakeForDeflation) done
Event: 22073.634 Executing non-safepoint VM operation: RendezvousGCThreads
Event: 22073.634 Executing non-safepoint VM operation: RendezvousGCThreads done

Memory protections (0 events):
No events

Nmethod flushes (20 events):
Event: 9312.892 Thread 0x000001a649614880 flushing  nmethod 0x000001a64d980c10
Event: 9312.892 Thread 0x000001a649614880 flushing  nmethod 0x000001a64d986b90
Event: 9312.892 Thread 0x000001a649614880 flushing  nmethod 0x000001a64d9c2110
Event: 9312.892 Thread 0x000001a649614880 flushing  nmethod 0x000001a64d9ca910
Event: 9312.892 Thread 0x000001a649614880 flushing  nmethod 0x000001a64d9fea90
Event: 9312.892 Thread 0x000001a649614880 flushing  nmethod 0x000001a64d9ffb10
Event: 9312.892 Thread 0x000001a649614880 flushing  nmethod 0x000001a64d9fff90
Event: 9312.892 Thread 0x000001a649614880 flushing  nmethod 0x000001a64da03f10
Event: 9312.892 Thread 0x000001a649614880 flushing  nmethod 0x000001a64da07b90
Event: 9312.892 Thread 0x000001a649614880 flushing  nmethod 0x000001a64da08910
Event: 9312.892 Thread 0x000001a649614880 flushing  nmethod 0x000001a64da09510
Event: 9312.892 Thread 0x000001a649614880 flushing  nmethod 0x000001a64da0a390
Event: 9312.892 Thread 0x000001a649614880 flushing  nmethod 0x000001a64da0b790
Event: 9312.892 Thread 0x000001a649614880 flushing  nmethod 0x000001a64da14e90
Event: 9312.892 Thread 0x000001a649614880 flushing  nmethod 0x000001a64da21e10
Event: 9312.892 Thread 0x000001a649614880 flushing  nmethod 0x000001a64da70390
Event: 9312.892 Thread 0x000001a649614880 flushing  nmethod 0x000001a64da70810
Event: 9312.892 Thread 0x000001a649614880 flushing  nmethod 0x000001a64dab6590
Event: 9312.892 Thread 0x000001a649614880 flushing osr nmethod 0x000001a64dac2590
Event: 9312.892 Thread 0x000001a649614880 flushing  nmethod 0x000001a64db16810

Events (20 events):
Event: 12387.630 Thread 0x000001a6682a5470 Thread exited: 0x000001a6682a5470
Event: 12387.634 Thread 0x000001a6682a6820 Thread added: 0x000001a6682a5470
Event: 12387.635 Thread 0x000001a6682a5470 Thread exited: 0x000001a6682a5470
Event: 12387.783 Thread 0x000001a6682a5b00 Thread exited: 0x000001a6682a5b00
Event: 12687.634 Thread 0x000001a66b685c20 Thread exited: 0x000001a66b685c20
Event: 12987.645 Thread 0x000001a66b686940 Thread exited: 0x000001a66b686940
Event: 13443.477 Thread 0x000001a66b686fd0 Thread exited: 0x000001a66b686fd0
Event: 13590.703 Thread 0x000001a667842010 Thread added: 0x000001a6682a40c0
Event: 13590.706 Thread 0x000001a667842010 Thread added: 0x000001a6682a5b00
Event: 13590.706 Thread 0x000001a6682a5b00 Thread exited: 0x000001a6682a5b00
Event: 13590.708 Thread 0x000001a667842010 Thread added: 0x000001a6682a5470
Event: 13590.709 Thread 0x000001a6682a5470 Thread exited: 0x000001a6682a5470
Event: 13590.718 Thread 0x000001a6682a6820 Thread exited: 0x000001a6682a6820
Event: 13743.491 Thread 0x000001a66b684870 Thread exited: 0x000001a66b684870
Event: 14043.493 Thread 0x000001a66b6841e0 Thread exited: 0x000001a66b6841e0
Event: 14343.494 Thread 0x000001a6682a33a0 Thread exited: 0x000001a6682a33a0
Event: 14643.502 Thread 0x000001a66b684f00 Thread exited: 0x000001a66b684f00
Event: 14943.516 Thread 0x000001a66b6827a0 Thread exited: 0x000001a66b6827a0
Event: 15243.518 Thread 0x000001a66b6834c0 Thread exited: 0x000001a66b6834c0
Event: 15543.524 Thread 0x000001a66b682e30 Thread exited: 0x000001a66b682e30


Dynamic libraries:
0x00007ff665db0000 - 0x00007ff665dbe000 	c:\Users\ronie\.vscode\extensions\redhat.java-1.55.0-win32-x64\jre\21.0.11-win32-x86_64\bin\java.exe
0x00007ffc397e0000 - 0x00007ffc39a46000 	C:\WINDOWS\SYSTEM32\ntdll.dll
0x00007ffc37cf0000 - 0x00007ffc37db9000 	C:\WINDOWS\System32\KERNEL32.DLL
0x00007ffc36df0000 - 0x00007ffc371ee000 	C:\WINDOWS\System32\KERNELBASE.dll
0x00007ffc33560000 - 0x00007ffc33600000 	C:\WINDOWS\SYSTEM32\apphelp.dll
0x00007ffc37200000 - 0x00007ffc3734c000 	C:\WINDOWS\System32\ucrtbase.dll
0x00007ffc30390000 - 0x00007ffc303a8000 	c:\Users\ronie\.vscode\extensions\redhat.java-1.55.0-win32-x64\jre\21.0.11-win32-x86_64\bin\jli.dll
0x00007ffc2e4c0000 - 0x00007ffc2e4de000 	c:\Users\ronie\.vscode\extensions\redhat.java-1.55.0-win32-x64\jre\21.0.11-win32-x86_64\bin\VCRUNTIME140.dll
0x00007ffc395a0000 - 0x00007ffc39767000 	C:\WINDOWS\System32\USER32.dll
0x00007ffc374e0000 - 0x00007ffc37507000 	C:\WINDOWS\System32\win32u.dll
0x00007ffc37c40000 - 0x00007ffc37c6b000 	C:\WINDOWS\System32\GDI32.dll
0x00007ffc36c00000 - 0x00007ffc36d2a000 	C:\WINDOWS\System32\gdi32full.dll
0x00007ffc1d250000 - 0x00007ffc1d4e2000 	C:\WINDOWS\WinSxS\amd64_microsoft.windows.common-controls_6595b64144ccf1df_6.0.26100.8875_none_3e0d5d42e32fe9dd\COMCTL32.dll
0x00007ffc36a90000 - 0x00007ffc36b33000 	C:\WINDOWS\System32\msvcp_win.dll
0x00007ffc38560000 - 0x00007ffc38609000 	C:\WINDOWS\System32\msvcrt.dll
0x00007ffc38d00000 - 0x00007ffc38d32000 	C:\WINDOWS\System32\IMM32.DLL
0x00007ffc31840000 - 0x00007ffc3184c000 	c:\Users\ronie\.vscode\extensions\redhat.java-1.55.0-win32-x64\jre\21.0.11-win32-x86_64\bin\vcruntime140_1.dll
0x00007ffbfae70000 - 0x00007ffbfaefd000 	c:\Users\ronie\.vscode\extensions\redhat.java-1.55.0-win32-x64\jre\21.0.11-win32-x86_64\bin\msvcp140.dll
0x00007ffb7ff20000 - 0x00007ffb80cc2000 	c:\Users\ronie\.vscode\extensions\redhat.java-1.55.0-win32-x64\jre\21.0.11-win32-x86_64\bin\server\jvm.dll
0x00007ffc38d40000 - 0x00007ffc38df7000 	C:\WINDOWS\System32\ADVAPI32.dll
0x00007ffc38e60000 - 0x00007ffc38f0a000 	C:\WINDOWS\System32\sechost.dll
0x00007ffc38a30000 - 0x00007ffc38b48000 	C:\WINDOWS\System32\RPCRT4.dll
0x00007ffc389a0000 - 0x00007ffc38a20000 	C:\WINDOWS\System32\WS2_32.dll
0x00007ffc36860000 - 0x00007ffc368be000 	C:\WINDOWS\SYSTEM32\POWRPROF.dll
0x00007ffc2fda0000 - 0x00007ffc2fdab000 	C:\WINDOWS\SYSTEM32\VERSION.dll
0x00007ffc28040000 - 0x00007ffc28076000 	C:\WINDOWS\SYSTEM32\WINMM.dll
0x00007ffc36840000 - 0x00007ffc36854000 	C:\WINDOWS\SYSTEM32\UMPDC.dll
0x00007ffc356c0000 - 0x00007ffc356db000 	C:\WINDOWS\SYSTEM32\kernel.appcore.dll
0x00007ffc315a0000 - 0x00007ffc315aa000 	c:\Users\ronie\.vscode\extensions\redhat.java-1.55.0-win32-x64\jre\21.0.11-win32-x86_64\bin\jimage.dll
0x00007ffc341c0000 - 0x00007ffc34402000 	C:\WINDOWS\SYSTEM32\DBGHELP.DLL
0x00007ffc38610000 - 0x00007ffc38993000 	C:\WINDOWS\System32\combase.dll
0x00007ffc39010000 - 0x00007ffc390e9000 	C:\WINDOWS\System32\OLEAUT32.dll
0x00007ffc30580000 - 0x00007ffc305bb000 	C:\WINDOWS\SYSTEM32\dbgcore.DLL
0x00007ffc36b40000 - 0x00007ffc36bec000 	C:\WINDOWS\System32\bcryptPrimitives.dll
0x00007ffc30500000 - 0x00007ffc3050f000 	c:\Users\ronie\.vscode\extensions\redhat.java-1.55.0-win32-x64\jre\21.0.11-win32-x86_64\bin\instrument.dll
0x00007ffc1a970000 - 0x00007ffc1a990000 	c:\Users\ronie\.vscode\extensions\redhat.java-1.55.0-win32-x64\jre\21.0.11-win32-x86_64\bin\java.dll
0x00007ffc37dc0000 - 0x00007ffc38552000 	C:\WINDOWS\System32\SHELL32.dll
0x00007ffc34480000 - 0x00007ffc34d12000 	C:\WINDOWS\SYSTEM32\windows.storage.dll
0x00007ffc390f0000 - 0x00007ffc391e7000 	C:\WINDOWS\System32\SHCORE.dll
0x00007ffc38fa0000 - 0x00007ffc39007000 	C:\WINDOWS\System32\shlwapi.dll
0x00007ffc36920000 - 0x00007ffc36949000 	C:\WINDOWS\SYSTEM32\profapi.dll
0x00007ffc16e10000 - 0x00007ffc16e28000 	c:\Users\ronie\.vscode\extensions\redhat.java-1.55.0-win32-x64\jre\21.0.11-win32-x86_64\bin\zip.dll
0x00007ffc30270000 - 0x00007ffc30280000 	C:\Users\ronie\.vscode\extensions\redhat.java-1.55.0-win32-x64\jre\21.0.11-win32-x86_64\bin\net.dll
0x00007ffc2ef00000 - 0x00007ffc2f027000 	C:\WINDOWS\SYSTEM32\WINHTTP.dll
0x00007ffc35c90000 - 0x00007ffc35cfc000 	C:\WINDOWS\system32\mswsock.dll
0x00007ffc07700000 - 0x00007ffc07716000 	C:\Users\ronie\.vscode\extensions\redhat.java-1.55.0-win32-x64\jre\21.0.11-win32-x86_64\bin\nio.dll
0x00007ffc2ea60000 - 0x00007ffc2ea70000 	c:\Users\ronie\.vscode\extensions\redhat.java-1.55.0-win32-x64\jre\21.0.11-win32-x86_64\bin\verify.dll
0x00007ffc00f80000 - 0x00007ffc00fc5000 	C:\Users\ronie\AppData\Roaming\Code\User\globalStorage\redhat.java\1.55.0\config_win\org.eclipse.equinox.launcher\org.eclipse.equinox.launcher.win32.win32.x86_64_1.3.100.v20260613-0559\eclipse_11924.dll
0x00007ffc37510000 - 0x00007ffc376a9000 	C:\WINDOWS\System32\ole32.dll
0x00007ffc294a0000 - 0x00007ffc294aa000 	C:\Users\ronie\.vscode\extensions\redhat.java-1.55.0-win32-x64\jre\21.0.11-win32-x86_64\bin\management.dll
0x00007ffc291e0000 - 0x00007ffc291ec000 	C:\Users\ronie\.vscode\extensions\redhat.java-1.55.0-win32-x64\jre\21.0.11-win32-x86_64\bin\management_ext.dll
0x00007ffc38b50000 - 0x00007ffc38b58000 	C:\WINDOWS\System32\PSAPI.DLL
0x00007ffc35f90000 - 0x00007ffc35fab000 	C:\WINDOWS\SYSTEM32\CRYPTSP.dll
0x00007ffc35620000 - 0x00007ffc35659000 	C:\WINDOWS\system32\rsaenh.dll
0x00007ffc35d50000 - 0x00007ffc35d82000 	C:\WINDOWS\SYSTEM32\USERENV.dll
0x00007ffc368f0000 - 0x00007ffc3691a000 	C:\WINDOWS\SYSTEM32\bcrypt.dll
0x00007ffc35fb0000 - 0x00007ffc35fbc000 	C:\WINDOWS\SYSTEM32\CRYPTBASE.dll
0x00007ffc35050000 - 0x00007ffc35083000 	C:\WINDOWS\SYSTEM32\IPHLPAPI.DLL
0x00007ffc39790000 - 0x00007ffc3979a000 	C:\WINDOWS\System32\NSI.dll
0x00007ffc00d50000 - 0x00007ffc00d99000 	C:\Users\ronie\AppData\Local\Temp\jna-108697261\jna18163851971448650529.dll
0x00007ffc2e980000 - 0x00007ffc2e99d000 	C:\WINDOWS\SYSTEM32\dhcpcsvc6.DLL
0x00007ffc2e950000 - 0x00007ffc2e975000 	C:\WINDOWS\SYSTEM32\dhcpcsvc.DLL
0x00007ffc1a9c0000 - 0x00007ffc1a9ce000 	C:\Users\ronie\.vscode\extensions\redhat.java-1.55.0-win32-x64\jre\21.0.11-win32-x86_64\bin\sunmscapi.dll
0x00007ffc37360000 - 0x00007ffc374d8000 	C:\WINDOWS\System32\CRYPT32.dll
0x00007ffc361d0000 - 0x00007ffc36200000 	C:\WINDOWS\SYSTEM32\ncrypt.dll
0x00007ffc36180000 - 0x00007ffc361bf000 	C:\WINDOWS\SYSTEM32\NTASN1.dll
0x00007ffc350e0000 - 0x00007ffc35236000 	C:\WINDOWS\SYSTEM32\DNSAPI.dll
0x00007ffc35a70000 - 0x00007ffc35a7d000 	C:\WINDOWS\SYSTEM32\DSPARSE.dll
0x00007ffc207f0000 - 0x00007ffc207fb000 	C:\Windows\System32\rasadhlp.dll
0x00007ffc2de50000 - 0x00007ffc2ded6000 	C:\WINDOWS\System32\fwpuclnt.dll
0x00007ffc18170000 - 0x00007ffc18179000 	C:\Users\ronie\.vscode\extensions\redhat.java-1.55.0-win32-x64\jre\21.0.11-win32-x86_64\bin\extnet.dll

JVMTI agents:
c:\Users\ronie\.vscode\extensions\redhat.java-1.55.0-win32-x64\lombok\lombok-1.18.39-4050.jar path:c:\Users\ronie\.vscode\extensions\redhat.java-1.55.0-win32-x64\jre\21.0.11-win32-x86_64\bin\instrument.dll, loaded, initialized, instrumentlib options:none

dbghelp: loaded successfully - version: 4.0.5 - missing functions: none
symbol engine: initialized successfully - sym options: 0x614 - pdb path: .;c:\Users\ronie\.vscode\extensions\redhat.java-1.55.0-win32-x64\jre\21.0.11-win32-x86_64\bin;C:\WINDOWS\SYSTEM32;C:\WINDOWS\WinSxS\amd64_microsoft.windows.common-controls_6595b64144ccf1df_6.0.26100.8875_none_3e0d5d42e32fe9dd;c:\Users\ronie\.vscode\extensions\redhat.java-1.55.0-win32-x64\jre\21.0.11-win32-x86_64\bin\server;C:\Users\ronie\AppData\Roaming\Code\User\globalStorage\redhat.java\1.55.0\config_win\org.eclipse.equinox.launcher\org.eclipse.equinox.launcher.win32.win32.x86_64_1.3.100.v20260613-0559;C:\Users\ronie\AppData\Local\Temp\jna-108697261

VM Arguments:
jvm_args: --add-modules=ALL-SYSTEM --add-opens=java.base/java.util=ALL-UNNAMED --add-opens=java.base/java.lang=ALL-UNNAMED --add-opens=java.base/sun.nio.fs=ALL-UNNAMED -Declipse.application=org.eclipse.jdt.ls.core.id1 -Dosgi.bundles.defaultStartLevel=4 -Declipse.product=org.eclipse.jdt.ls.core.product -Djava.import.generatesMetadataFilesAtProjectRoot=false -DDetectVMInstallationsJob.disabled=true -Dfile.encoding=utf8 -XX:+UseParallelGC -XX:GCTimeRatio=4 -XX:AdaptiveSizePolicyWeight=90 -Dsun.zip.disableMemoryMapping=true -Xmx2G -Xms100m -Xlog:disable -javaagent:c:\Users\ronie\.vscode\extensions\redhat.java-1.55.0-win32-x64\lombok\lombok-1.18.39-4050.jar -XX:+HeapDumpOnOutOfMemoryError -XX:HeapDumpPath=c:\Users\ronie\AppData\Roaming\Code\User\workspaceStorage\4e8e4f8b4d2cf3842c1527bea987b3da\redhat.java -Daether.dependencyCollector.impl=bf 
java_command: c:\Users\ronie\.vscode\extensions\redhat.java-1.55.0-win32-x64\server\plugins\org.eclipse.equinox.launcher_1.7.200.v20260619-2039.jar -configuration c:\Users\ronie\AppData\Roaming\Code\User\globalStorage\redhat.java\1.55.0\config_win -data c:\Users\ronie\AppData\Roaming\Code\User\workspaceStorage\4e8e4f8b4d2cf3842c1527bea987b3da\redhat.java\jdt_ws --pipe=\\.\pipe\lsp-4acbf3136603608de39d3e90565cdfea-sock
java_class_path (initial): c:\Users\ronie\.vscode\extensions\redhat.java-1.55.0-win32-x64\server\plugins\org.eclipse.equinox.launcher_1.7.200.v20260619-2039.jar
Launcher Type: SUN_STANDARD

[Global flags]
    uintx AdaptiveSizePolicyWeight                 = 90                                        {product} {command line}
     intx CICompilerCount                          = 4                                         {product} {ergonomic}
    uintx GCTimeRatio                              = 4                                         {product} {command line}
     bool HeapDumpOnOutOfMemoryError               = true                                   {manageable} {command line}
    ccstr HeapDumpPath                             = c:\Users\ronie\AppData\Roaming\Code\User\workspaceStorage\4e8e4f8b4d2cf3842c1527bea987b3da\redhat.java         {manageable} {command line}
   size_t InitialHeapSize                          = 104857600                                 {product} {command line}
   size_t MaxHeapSize                              = 2147483648                                {product} {command line}
   size_t MaxNewSize                               = 715653120                                 {product} {ergonomic}
   size_t MinHeapDeltaBytes                        = 524288                                    {product} {ergonomic}
   size_t MinHeapSize                              = 104857600                                 {product} {command line}
   size_t NewSize                                  = 34603008                                  {product} {ergonomic}
    uintx NonNMethodCodeHeapSize                   = 5839372                                {pd product} {ergonomic}
    uintx NonProfiledCodeHeapSize                  = 122909434                              {pd product} {ergonomic}
   size_t OldSize                                  = 70254592                                  {product} {ergonomic}
    uintx ProfiledCodeHeapSize                     = 122909434                              {pd product} {ergonomic}
    uintx ReservedCodeCacheSize                    = 251658240                              {pd product} {ergonomic}
     bool SegmentedCodeCache                       = true                                      {product} {ergonomic}
   size_t SoftMaxHeapSize                          = 2147483648                             {manageable} {ergonomic}
     bool UseCompressedOops                        = true                           {product lp64_product} {ergonomic}
     bool UseLargePagesIndividualAllocation        = false                                  {pd product} {ergonomic}
     bool UseParallelGC                            = true                                      {product} {command line}

Logging:
Log output configuration:
 #0: stdout all=off uptime,level,tags foldmultilines=false
 #1: stderr all=off uptime,level,tags foldmultilines=false

Release file:
JAVA_VERSION="21.0.11" 
MODULES="java.base java.compiler java.datatransfer java.xml java.prefs java.desktop java.instrument java.logging java.management java.security.sasl java.naming java.rmi java.management.rmi java.net.http java.scripting java.security.jgss java.transaction.xa java.sql java.sql.rowset java.xml.crypto java.se java.smartcardio jdk.accessibility jdk.internal.jvmstat jdk.attach jdk.charsets jdk.internal.opt jdk.zipfs jdk.compiler jdk.crypto.ec jdk.crypto.cryptoki jdk.crypto.mscapi jdk.dynalink jdk.internal.ed jdk.editpad jdk.hotspot.agent jdk.httpserver jdk.internal.le jdk.internal.vm.ci jdk.internal.vm.compiler jdk.internal.vm.compiler.management jdk.jartool jdk.javadoc jdk.jcmd jdk.management jdk.management.agent jdk.jconsole jdk.jdeps jdk.jdwp.agent jdk.jdi jdk.jfr jdk.jshell jdk.jsobject jdk.jstatd jdk.localedata jdk.management.jfr jdk.naming.dns jdk.naming.rmi jdk.net jdk.nio.mapmode jdk.random jdk.sctp jdk.security.auth jdk.security.jgss jdk.unsupported jdk.unsupported.desktop jdk.xml.dom" 

Environment Variables:
PATH=C:\Windows\system32;C:\Windows;C:\Windows\System32\Wbem;C:\Windows\System32\WindowsPowerShell\v1.0\;C:\Windows\System32\OpenSSH\;C:\Program Files (x86)\NVIDIA Corporation\PhysX\Common;C:\WINDOWS\system32;C:\WINDOWS;C:\WINDOWS\System32\Wbem;C:\WINDOWS\System32\WindowsPowerShell\v1.0\;C:\WINDOWS\System32\OpenSSH\;D:\php-8.2.5;D:\wget-1.21.3;C:\Program Files\dotnet\;C:\Program Files\NVIDIA Corporation\NVIDIA App\NvDLISR;C:\Program Files\Docker\Docker\resources\bin;D:\Program Files\Git\cmd;D:\Program Files\nodejs\;D:\Program Files\maven\apache-maven-3.9.16\bin;C:\Users\ronie\AppData\Local\Programs\Eclipse Adoptium\jdk-25.0.3.9-hotspot\bin;C:\Users\ronie\AppData\Local\Programs\Python\Python314\Scripts\;C:\Users\ronie\AppData\Local\Programs\Python\Python314\;C:\Users\ronie\AppData\Local\Programs\Python\Launcher\;C:\Users\ronie\AppData\Local\Microsoft\WindowsApps;D:\Users\ronie\AppData\Local\Programs\Microsoft VS Code\bin;C:\Users\ronie\.dotnet\tools;C:\Users\ronie\AppData\Roaming\npm
USERNAME=ronie
OS=Windows_NT
PROCESSOR_IDENTIFIER=AMD64 Family 23 Model 96 Stepping 1, AuthenticAMD
TMP=C:\Users\ronie\AppData\Local\Temp
TEMP=C:\Users\ronie\AppData\Local\Temp




Periodic native trim disabled

---------------  S Y S T E M  ---------------

OS:
 Windows 11 , 64 bit Build 26100 (10.0.26100.8875)
OS uptime: 2 days 20:44 hours
Hyper-V role detected

CPU: total 12 (initial active 12) (12 cores per cpu, 2 threads per core) family 23 model 96 stepping 1 microcode 0x8600106, cx8, cmov, fxsr, ht, mmx, 3dnowpref, sse, sse2, sse3, ssse3, sse4a, sse4.1, sse4.2, popcnt, lzcnt, tsc, tscinvbit, avx, avx2, aes, clmul, bmi1, bmi2, adx, sha, fma, vzeroupper, clflush, clflushopt, hv, rdtscp, rdpid, f16c
Processor Information for the first 12 processors :
  Max Mhz: 3000, Current Mhz: 3000, Mhz Limit: 3000

Memory: 4k page, system-wide physical 23933M (3421M free)
TotalPageFile size 34173M (AvailPageFile size 4M)
current process WorkingSet (physical memory assigned to process): 93M, peak: 1145M
current process commit charge ("private bytes"): 1370M, peak: 1377M

vm_info: OpenJDK 64-Bit Server VM (21.0.11+10-LTS) for windows-amd64 JRE (21.0.11+10-LTS), built on 2026-04-21T00:00:00Z by "admin" with MS VC++ 17.12 (VS2022)

END.
